Copyright 1986-2022 Xilinx, Inc. All Rights Reserved. Copyright 2022-2025 Advanced Micro Devices, Inc. All Rights Reserved.
----------------------------------------------------------------------------------------------------------------------------------------------
| Tool Version : Vivado v.2025.2 (win64) Build 6299465 Fri Nov 14 19:35:11 GMT 2025
| Date         : Sat Oct  3 19:34:40 2026
| Host         : LAPTOP-3FCV1ALG running 64-bit major release  (build 9200)
| Command      : report_timing_summary -file C:/Users/LENOVO/Documents/antigravity/fervent-kepler/docs/vivado_reports/timing_synth_masked.rpt
| Design       : aes_128_masked_core
| Device       : 7a35t-csg324
| Speed File   : -1  PRODUCTION 1.23 2018-06-13
| Design State : Synthesized
----------------------------------------------------------------------------------------------------------------------------------------------

Timing Summary Report

------------------------------------------------------------------------------------------------
| Timer Settings
| --------------
------------------------------------------------------------------------------------------------

  Enable Multi Corner Analysis               :  Yes
  Enable Pessimism Removal                   :  Yes
  Pessimism Removal Resolution               :  Nearest Common Node
  Enable Input Delay Default Clock           :  No
  Enable Preset / Clear Arcs                 :  No
  Disable Flight Delays                      :  No
  Ignore I/O Paths                           :  No
  Timing Early Launch at Borrowing Latches   :  No
  Borrow Time for Max Delay Exceptions       :  Yes
  Merge Timing Exceptions                    :  Yes
  Inter-SLR Compensation                     :  Conservative

  Corner  Analyze    Analyze    
  Name    Max Paths  Min Paths  
  ------  ---------  ---------  
  Slow    Yes        Yes        
  Fast    Yes        Yes        


------------------------------------------------------------------------------------------------
| Report Methodology
| ------------------
------------------------------------------------------------------------------------------------

No report available as report_methodology has not been run prior. Run report_methodology on the current design for the summary of methodology violations.



check_timing report

Table of Contents
-----------------
1. checking no_clock (0)
2. checking constant_clock (0)
3. checking pulse_width_clock (0)
4. checking unconstrained_internal_endpoints (0)
5. checking no_input_delay (386)
6. checking no_output_delay (130)
7. checking multiple_clock (0)
8. checking generated_clocks (0)
9. checking loops (0)
10. checking partial_input_delay (0)
11. checking partial_output_delay (0)
12. checking latch_loops (0)

1. checking no_clock (0)
------------------------
 There are 0 register/latch pins with no clock.


2. checking constant_clock (0)
------------------------------
 There are 0 register/latch pins with constant_clock.


3. checking pulse_width_clock (0)
---------------------------------
 There are 0 register/latch pins which need pulse_width check


4. checking unconstrained_internal_endpoints (0)
------------------------------------------------
 There are 0 pins that are not constrained for maximum delay.

 There are 0 pins that are not constrained for maximum delay due to constant clock.


5. checking no_input_delay (386)
--------------------------------
 There are 386 input ports with no input delay specified. (HIGH)

 There are 0 input ports with no input delay but user has a false path constraint.


6. checking no_output_delay (130)
---------------------------------
 There are 130 ports with no output delay specified. (HIGH)

 There are 0 ports with no output delay but user has a false path constraint

 There are 0 ports with no output delay but with a timing clock defined on it or propagating through it


7. checking multiple_clock (0)
------------------------------
 There are 0 register/latch pins with multiple clocks.


8. checking generated_clocks (0)
--------------------------------
 There are 0 generated clocks that are not connected to a clock source.


9. checking loops (0)
---------------------
 There are 0 combinational loops in the design.


10. checking partial_input_delay (0)
------------------------------------
 There are 0 input ports with partial input delay specified.


11. checking partial_output_delay (0)
-------------------------------------
 There are 0 ports with partial output delay specified.


12. checking latch_loops (0)
----------------------------
 There are 0 combinational latch loops in the design through latch input



------------------------------------------------------------------------------------------------
| Design Timing Summary
| ---------------------
------------------------------------------------------------------------------------------------

    WNS(ns)      TNS(ns)  TNS Failing Endpoints  TNS Total Endpoints      WHS(ns)      THS(ns)  THS Failing Endpoints  THS Total Endpoints     WPWS(ns)     TPWS(ns)  TPWS Failing Endpoints  TPWS Total Endpoints  
    -------      -------  ---------------------  -------------------      -------      -------  ---------------------  -------------------     --------     --------  ----------------------  --------------------  
      3.323        0.000                      0                 1048        0.134        0.000                      0                 1048        4.500        0.000                       0                   525  


All user specified timing constraints are met.


------------------------------------------------------------------------------------------------
| Clock Summary
| -------------
------------------------------------------------------------------------------------------------

Clock  Waveform(ns)       Period(ns)      Frequency(MHz)
-----  ------------       ----------      --------------
clk    {0.000 5.000}      10.000          100.000         


------------------------------------------------------------------------------------------------
| Intra Clock Table
| -----------------
------------------------------------------------------------------------------------------------

Clock             WNS(ns)      TNS(ns)  TNS Failing Endpoints  TNS Total Endpoints      WHS(ns)      THS(ns)  THS Failing Endpoints  THS Total Endpoints     WPWS(ns)     TPWS(ns)  TPWS Failing Endpoints  TPWS Total Endpoints  
-----             -------      -------  ---------------------  -------------------      -------      -------  ---------------------  -------------------     --------     --------  ----------------------  --------------------  
clk                 3.323        0.000                      0                 1048        0.134        0.000                      0                 1048        4.500        0.000                       0                   525  


------------------------------------------------------------------------------------------------
| Inter Clock Table
| -----------------
------------------------------------------------------------------------------------------------

From Clock    To Clock          WNS(ns)      TNS(ns)  TNS Failing Endpoints  TNS Total Endpoints      WHS(ns)      THS(ns)  THS Failing Endpoints  THS Total Endpoints  
----------    --------          -------      -------  ---------------------  -------------------      -------      -------  ---------------------  -------------------  


------------------------------------------------------------------------------------------------
| Other Path Groups Table
| -----------------------
------------------------------------------------------------------------------------------------

Path Group    From Clock    To Clock          WNS(ns)      TNS(ns)  TNS Failing Endpoints  TNS Total Endpoints      WHS(ns)      THS(ns)  THS Failing Endpoints  THS Total Endpoints  
----------    ----------    --------          -------      -------  ---------------------  -------------------      -------      -------  ---------------------  -------------------  


------------------------------------------------------------------------------------------------
| Timing Details
| --------------
------------------------------------------------------------------------------------------------


---------------------------------------------------------------------------------------------------
From Clock:  clk
  To Clock:  clk

Setup :            0  Failing Endpoints,  Worst Slack        3.323ns,  Total Violation        0.000ns
Hold  :            0  Failing Endpoints,  Worst Slack        0.134ns,  Total Violation        0.000ns
PW    :            0  Failing Endpoints,  Worst Slack        4.500ns,  Total Violation        0.000ns
---------------------------------------------------------------------------------------------------


Max Delay Paths
--------------------------------------------------------------------------------------
Slack (MET) :             3.323ns  (required time - arrival time)
  Source:                 share2_reg_reg[81]/C
                            (rising edge-triggered cell FDCE clocked by clk  {rise@0.000ns fall@5.000ns period=10.000ns})
  Destination:            share1_reg_reg[113]/D
                            (rising edge-triggered cell FDCE clocked by clk  {rise@0.000ns fall@5.000ns period=10.000ns})
  Path Group:             clk
  Path Type:              Setup (Max at Slow Process Corner)
  Requirement:            10.000ns  (clk rise@10.000ns - clk rise@0.000ns)
  Data Path Delay:        6.526ns  (logic 1.669ns (25.575%)  route 4.857ns (74.425%))
  Logic Levels:           8  (LUT2=2 LUT4=2 LUT6=4)
  Clock Path Skew:        -0.145ns (DCD - SCD + CPR)
    Destination Clock Delay (DCD):    2.129ns = ( 12.129 - 10.000 ) 
    Source Clock Delay      (SCD):    2.453ns
    Clock Pessimism Removal (CPR):    0.179ns
  Clock Uncertainty:      0.035ns  ((TSJ^2 + TIJ^2)^1/2 + DJ) / 2 + PE
    Total System Jitter     (TSJ):    0.071ns
    Total Input Jitter      (TIJ):    0.000ns
    Discrete Jitter          (DJ):    0.000ns
    Phase Error              (PE):    0.000ns

    Location             Delay type                Incr(ns)  Path(ns)    Netlist Resource(s)
  -------------------------------------------------------------------    -------------------
                         (clock clk rise edge)        0.000     0.000 r  
                                                      0.000     0.000 r  clk (IN)
                         net (fo=0)                   0.000     0.000    clk
                         IBUF (Prop_ibuf_I_O)         0.973     0.973 r  clk_IBUF_inst/O
                         net (fo=1, unplaced)         0.800     1.773    clk_IBUF
                         BUFG (Prop_bufg_I_O)         0.096     1.869 r  clk_IBUF_BUFG_inst/O
                         net (fo=524, unplaced)       0.584     2.453    clk_IBUF_BUFG
                         FDCE                                         r  share2_reg_reg[81]/C
  -------------------------------------------------------------------    -------------------
                         FDCE (Prop_fdce_C_Q)         0.456     2.909 r  share2_reg_reg[81]/Q
                         net (fo=8, unplaced)         0.508     3.417    u_masked_sub_bytes/gen_masked_sbox[5].u_masked_sbox/u_sbox_core/Q[9]
                         LUT2 (Prop_lut2_I0_O)        0.295     3.712 r  u_masked_sub_bytes/gen_masked_sbox[5].u_masked_sbox/u_sbox_core/g0_b0__4_i_2/O
                         net (fo=33, unplaced)        1.183     4.895    u_masked_sub_bytes/gen_masked_sbox[5].u_masked_sbox/u_sbox_core/share2_reg_reg[81]
                         LUT6 (Prop_lut6_I1_O)        0.124     5.019 r  u_masked_sub_bytes/gen_masked_sbox[5].u_masked_sbox/u_sbox_core/g1_b7__4/O
                         net (fo=1, unplaced)         0.419     5.438    u_masked_sub_bytes/gen_masked_sbox[5].u_masked_sbox/u_sbox_core/g1_b7__4_n_0
                         LUT4 (Prop_lut4_I0_O)        0.150     5.588 r  u_masked_sub_bytes/gen_masked_sbox[5].u_masked_sbox/u_sbox_core/share1_reg[127]_i_9/O
                         net (fo=1, unplaced)         0.449     6.037    u_masked_sub_bytes/gen_masked_sbox[5].u_masked_sbox/u_sbox_core/share1_reg[127]_i_9_n_0
                         LUT6 (Prop_lut6_I1_O)        0.124     6.161 r  u_masked_sub_bytes/gen_masked_sbox[5].u_masked_sbox/u_sbox_core/share1_reg[127]_i_5/O
                         net (fo=8, unplaced)         0.940     7.101    u_masked_sub_bytes/gen_masked_sbox[5].u_masked_sbox/u_sbox_core/sub_bytes_share1[3]
                         LUT4 (Prop_lut4_I1_O)        0.148     7.249 r  u_masked_sub_bytes/gen_masked_sbox[5].u_masked_sbox/u_sbox_core/share1_reg[121]_i_4/O
                         net (fo=2, unplaced)         0.460     7.709    u_masked_sub_bytes/gen_masked_sbox[5].u_masked_sbox/u_sbox_core/share2_reg_reg[9]
                         LUT6 (Prop_lut6_I3_O)        0.124     7.833 r  u_masked_sub_bytes/gen_masked_sbox[5].u_masked_sbox/u_sbox_core/share1_reg[113]_i_3/O
                         net (fo=1, unplaced)         0.449     8.282    u_key_expansion/sbox_k1/post_linear_share1[8]
                         LUT2 (Prop_lut2_I1_O)        0.124     8.406 r  u_key_expansion/sbox_k1/share1_reg[113]_i_2/O
                         net (fo=1, unplaced)         0.449     8.855    u_key_expansion/sbox_k1/round_ark_share1[113]
                         LUT6 (Prop_lut6_I4_O)        0.124     8.979 r  u_key_expansion/sbox_k1/share1_reg[113]_i_1/O
                         net (fo=1, unplaced)         0.000     8.979    u_key_expansion_n_220
                         FDCE                                         r  share1_reg_reg[113]/D
  -------------------------------------------------------------------    -------------------

                         (clock clk rise edge)       10.000    10.000 r  
                                                      0.000    10.000 r  clk (IN)
                         net (fo=0)                   0.000    10.000    clk
                         IBUF (Prop_ibuf_I_O)         0.840    10.840 r  clk_IBUF_inst/O
                         net (fo=1, unplaced)         0.760    11.599    clk_IBUF
                         BUFG (Prop_bufg_I_O)         0.091    11.690 r  clk_IBUF_BUFG_inst/O
                         net (fo=524, unplaced)       0.439    12.129    clk_IBUF_BUFG
                         FDCE                                         r  share1_reg_reg[113]/C
                         clock pessimism              0.179    12.308    
                         clock uncertainty           -0.035    12.273    
                         FDCE (Setup_fdce_C_D)        0.029    12.302    share1_reg_reg[113]
  -------------------------------------------------------------------
                         required time                         12.302    
                         arrival time                          -8.979    
  -------------------------------------------------------------------
                         slack                                  3.323    





Min Delay Paths
--------------------------------------------------------------------------------------
Slack (MET) :             0.134ns  (arrival time - required time)
  Source:                 share1_reg_reg[0]/C
                            (rising edge-triggered cell FDCE clocked by clk  {rise@0.000ns fall@5.000ns period=10.000ns})
  Destination:            ciphertext_reg[0]/D
                            (rising edge-triggered cell FDCE clocked by clk  {rise@0.000ns fall@5.000ns period=10.000ns})
  Path Group:             clk
  Path Type:              Hold (Min at Fast Process Corner)
  Requirement:            0.000ns  (clk rise@0.000ns - clk rise@0.000ns)
  Data Path Delay:        0.370ns  (logic 0.239ns (64.578%)  route 0.131ns (35.422%))
  Logic Levels:           1  (LUT2=1)
  Clock Path Skew:        0.145ns (DCD - SCD - CPR)
    Destination Clock Delay (DCD):    1.034ns
    Source Clock Delay      (SCD):    0.679ns
    Clock Pessimism Removal (CPR):    0.210ns

    Location             Delay type                Incr(ns)  Path(ns)    Netlist Resource(s)
  -------------------------------------------------------------------    -------------------
                         (clock clk rise edge)        0.000     0.000 r  
                                                      0.000     0.000 r  clk (IN)
                         net (fo=0)                   0.000     0.000    clk
                         IBUF (Prop_ibuf_I_O)         0.202     0.202 r  clk_IBUF_inst/O
                         net (fo=1, unplaced)         0.337     0.539    clk_IBUF
                         BUFG (Prop_bufg_I_O)         0.026     0.565 r  clk_IBUF_BUFG_inst/O
                         net (fo=524, unplaced)       0.114     0.679    clk_IBUF_BUFG
                         FDCE                                         r  share1_reg_reg[0]/C
  -------------------------------------------------------------------    -------------------
                         FDCE (Prop_fdce_C_Q)         0.141     0.820 r  share1_reg_reg[0]/Q
                         net (fo=1, unplaced)         0.131     0.951    u_masked_sub_bytes/gen_masked_sbox[15].u_masked_sbox/u_sbox_core/ciphertext_reg[7][0]
                         LUT2 (Prop_lut2_I1_O)        0.098     1.049 r  u_masked_sub_bytes/gen_masked_sbox[15].u_masked_sbox/u_sbox_core/g0_b0__14_i_1/O
                         net (fo=33, unplaced)        0.000     1.049    ciphertext0[0]
                         FDCE                                         r  ciphertext_reg[0]/D
  -------------------------------------------------------------------    -------------------

                         (clock clk rise edge)        0.000     0.000 r  
                                                      0.000     0.000 r  clk (IN)
                         net (fo=0)                   0.000     0.000    clk
                         IBUF (Prop_ibuf_I_O)         0.391     0.391 r  clk_IBUF_inst/O
                         net (fo=1, unplaced)         0.355     0.746    clk_IBUF
                         BUFG (Prop_bufg_I_O)         0.029     0.775 r  clk_IBUF_BUFG_inst/O
                         net (fo=524, unplaced)       0.259     1.034    clk_IBUF_BUFG
                         FDCE                                         r  ciphertext_reg[0]/C
                         clock pessimism             -0.210     0.824    
                         FDCE (Hold_fdce_C_D)         0.091     0.915    ciphertext_reg[0]
  -------------------------------------------------------------------
                         required time                         -0.915    
                         arrival time                           1.049    
  -------------------------------------------------------------------
                         slack                                  0.134    





Pulse Width Checks
--------------------------------------------------------------------------------------
Clock Name:         clk
Waveform(ns):       { 0.000 5.000 }
Period(ns):         10.000
Sources:            { clk }

Check Type        Corner  Lib Pin  Reference Pin  Required(ns)  Actual(ns)  Slack(ns)  Location  Pin
Min Period        n/a     BUFG/I   n/a            2.155         10.000      7.845                clk_IBUF_BUFG_inst/I
Low Pulse Width   Slow    FDPE/C   n/a            0.500         5.000       4.500                FSM_onehot_current_state_reg[0]/C
High Pulse Width  Slow    FDPE/C   n/a            0.500         5.000       4.500                FSM_onehot_current_state_reg[0]/C



