Copyright 1986-2022 Xilinx, Inc. All Rights Reserved. Copyright 2022-2025 Advanced Micro Devices, Inc. All Rights Reserved.
---------------------------------------------------------------------------------------------------------------------------------------------------
| Tool Version : Vivado v.2025.2 (win64) Build 6299465 Fri Nov 14 19:35:11 GMT 2025
| Date         : Sat Oct  3 21:03:40 2026
| Host         : LAPTOP-3FCV1ALG running 64-bit major release  (build 9200)
| Command      : report_timing_summary -file C:/Users/LENOVO/Documents/antigravity/fervent-kepler/docs/vivado_reports/post_route_timing_masked.rpt
| Design       : aes_128_masked_core
| Device       : 7a35t-csg324
| Speed File   : -1  PRODUCTION 1.23 2018-06-13
| Design State : Routed
---------------------------------------------------------------------------------------------------------------------------------------------------

Timing Summary Report

------------------------------------------------------------------------------------------------
| Timer Settings
| --------------
------------------------------------------------------------------------------------------------

  Enable Multi Corner Analysis               :  Yes
  Enable Pessimism Removal                   :  Yes
  Pessimism Removal Resolution               :  Nearest Common Node
  Enable Input Delay Default Clock           :  No
  Enable Preset / Clear Arcs                 :  No
  Disable Flight Delays                      :  No
  Ignore I/O Paths                           :  No
  Timing Early Launch at Borrowing Latches   :  No
  Borrow Time for Max Delay Exceptions       :  Yes
  Merge Timing Exceptions                    :  Yes
  Inter-SLR Compensation                     :  Conservative

  Corner  Analyze    Analyze    
  Name    Max Paths  Min Paths  
  ------  ---------  ---------  
  Slow    Yes        Yes        
  Fast    Yes        Yes        


------------------------------------------------------------------------------------------------
| Report Methodology
| ------------------
------------------------------------------------------------------------------------------------

No report available as report_methodology has not been run prior. Run report_methodology on the current design for the summary of methodology violations.



check_timing report

Table of Contents
-----------------
1. checking no_clock (0)
2. checking constant_clock (0)
3. checking pulse_width_clock (0)
4. checking unconstrained_internal_endpoints (0)
5. checking no_input_delay (386)
6. checking no_output_delay (130)
7. checking multiple_clock (0)
8. checking generated_clocks (0)
9. checking loops (0)
10. checking partial_input_delay (0)
11. checking partial_output_delay (0)
12. checking latch_loops (0)

1. checking no_clock (0)
------------------------
 There are 0 register/latch pins with no clock.


2. checking constant_clock (0)
------------------------------
 There are 0 register/latch pins with constant_clock.


3. checking pulse_width_clock (0)
---------------------------------
 There are 0 register/latch pins which need pulse_width check


4. checking unconstrained_internal_endpoints (0)
------------------------------------------------
 There are 0 pins that are not constrained for maximum delay.

 There are 0 pins that are not constrained for maximum delay due to constant clock.


5. checking no_input_delay (386)
--------------------------------
 There are 386 input ports with no input delay specified. (HIGH)

 There are 0 input ports with no input delay but user has a false path constraint.


6. checking no_output_delay (130)
---------------------------------
 There are 130 ports with no output delay specified. (HIGH)

 There are 0 ports with no output delay but user has a false path constraint

 There are 0 ports with no output delay but with a timing clock defined on it or propagating through it


7. checking multiple_clock (0)
------------------------------
 There are 0 register/latch pins with multiple clocks.


8. checking generated_clocks (0)
--------------------------------
 There are 0 generated clocks that are not connected to a clock source.


9. checking loops (0)
---------------------
 There are 0 combinational loops in the design.


10. checking partial_input_delay (0)
------------------------------------
 There are 0 input ports with partial input delay specified.


11. checking partial_output_delay (0)
-------------------------------------
 There are 0 ports with partial output delay specified.


12. checking latch_loops (0)
----------------------------
 There are 0 combinational latch loops in the design through latch input



------------------------------------------------------------------------------------------------
| Design Timing Summary
| ---------------------
------------------------------------------------------------------------------------------------

    WNS(ns)      TNS(ns)  TNS Failing Endpoints  TNS Total Endpoints      WHS(ns)      THS(ns)  THS Failing Endpoints  THS Total Endpoints     WPWS(ns)     TPWS(ns)  TPWS Failing Endpoints  TPWS Total Endpoints  
    -------      -------  ---------------------  -------------------      -------      -------  ---------------------  -------------------     --------     --------  ----------------------  --------------------  
      1.573        0.000                      0                 1043        0.165        0.000                      0                 1043        4.500        0.000                       0                   527  


All user specified timing constraints are met.


------------------------------------------------------------------------------------------------
| Clock Summary
| -------------
------------------------------------------------------------------------------------------------

Clock  Waveform(ns)       Period(ns)      Frequency(MHz)
-----  ------------       ----------      --------------
clk    {0.000 5.000}      10.000          100.000         


------------------------------------------------------------------------------------------------
| Intra Clock Table
| -----------------
------------------------------------------------------------------------------------------------

Clock             WNS(ns)      TNS(ns)  TNS Failing Endpoints  TNS Total Endpoints      WHS(ns)      THS(ns)  THS Failing Endpoints  THS Total Endpoints     WPWS(ns)     TPWS(ns)  TPWS Failing Endpoints  TPWS Total Endpoints  
-----             -------      -------  ---------------------  -------------------      -------      -------  ---------------------  -------------------     --------     --------  ----------------------  --------------------  
clk                 1.573        0.000                      0                 1043        0.165        0.000                      0                 1043        4.500        0.000                       0                   527  


------------------------------------------------------------------------------------------------
| Inter Clock Table
| -----------------
------------------------------------------------------------------------------------------------

From Clock    To Clock          WNS(ns)      TNS(ns)  TNS Failing Endpoints  TNS Total Endpoints      WHS(ns)      THS(ns)  THS Failing Endpoints  THS Total Endpoints  
----------    --------          -------      -------  ---------------------  -------------------      -------      -------  ---------------------  -------------------  


------------------------------------------------------------------------------------------------
| Other Path Groups Table
| -----------------------
------------------------------------------------------------------------------------------------

Path Group    From Clock    To Clock          WNS(ns)      TNS(ns)  TNS Failing Endpoints  TNS Total Endpoints      WHS(ns)      THS(ns)  THS Failing Endpoints  THS Total Endpoints  
----------    ----------    --------          -------      -------  ---------------------  -------------------      -------      -------  ---------------------  -------------------  


------------------------------------------------------------------------------------------------
| Timing Details
| --------------
------------------------------------------------------------------------------------------------


---------------------------------------------------------------------------------------------------
From Clock:  clk
  To Clock:  clk

Setup :            0  Failing Endpoints,  Worst Slack        1.573ns,  Total Violation        0.000ns
Hold  :            0  Failing Endpoints,  Worst Slack        0.165ns,  Total Violation        0.000ns
PW    :            0  Failing Endpoints,  Worst Slack        4.500ns,  Total Violation        0.000ns
---------------------------------------------------------------------------------------------------


Max Delay Paths
--------------------------------------------------------------------------------------
Slack (MET) :             1.573ns  (required time - arrival time)
  Source:                 share2_reg_reg[104]/C
                            (rising edge-triggered cell FDCE clocked by clk  {rise@0.000ns fall@5.000ns period=10.000ns})
  Destination:            share1_reg_reg[44]/D
                            (rising edge-triggered cell FDCE clocked by clk  {rise@0.000ns fall@5.000ns period=10.000ns})
  Path Group:             clk
  Path Type:              Setup (Max at Slow Process Corner)
  Requirement:            10.000ns  (clk rise@10.000ns - clk rise@0.000ns)
  Data Path Delay:        8.372ns  (logic 1.941ns (23.184%)  route 6.431ns (76.817%))
  Logic Levels:           8  (LUT2=2 LUT4=2 LUT6=4)
  Clock Path Skew:        -0.049ns (DCD - SCD + CPR)
    Destination Clock Delay (DCD):    0.924ns = ( 10.924 - 10.000 ) 
    Source Clock Delay      (SCD):    0.973ns
    Clock Pessimism Removal (CPR):    0.000ns
  Clock Uncertainty:      0.035ns  ((TSJ^2 + TIJ^2)^1/2 + DJ) / 2 + PE
    Total System Jitter     (TSJ):    0.071ns
    Total Input Jitter      (TIJ):    0.000ns
    Discrete Jitter          (DJ):    0.000ns
    Phase Error              (PE):    0.000ns

    Location             Delay type                Incr(ns)  Path(ns)    Netlist Resource(s)
  -------------------------------------------------------------------    -------------------
                         (clock clk rise edge)        0.000     0.000 r  
                                                      0.000     0.000 r  clk (IN)
                         net (fo=526, unset)          0.973     0.973    clk
    SLICE_X2Y24          FDCE                                         r  share2_reg_reg[104]/C
  -------------------------------------------------------------------    -------------------
    SLICE_X2Y24          FDCE (Prop_fdce_C_Q)         0.518     1.491 r  share2_reg_reg[104]/Q
                         net (fo=8, routed)           1.270     2.761    u_masked_sub_bytes/gen_masked_sbox[2].u_masked_sbox/u_sbox_core/Q[8]
    SLICE_X11Y35         LUT2 (Prop_lut2_I0_O)        0.124     2.885 r  u_masked_sub_bytes/gen_masked_sbox[2].u_masked_sbox/u_sbox_core/ciphertext[104]_i_1/O
                         net (fo=33, routed)          1.333     4.217    u_masked_sub_bytes/gen_masked_sbox[2].u_masked_sbox/u_sbox_core/share2_reg_reg[104]
    SLICE_X14Y42         LUT6 (Prop_lut6_I0_O)        0.124     4.341 r  u_masked_sub_bytes/gen_masked_sbox[2].u_masked_sbox/u_sbox_core/g1_b7__1/O
                         net (fo=1, routed)           0.680     5.021    u_masked_sub_bytes/gen_masked_sbox[2].u_masked_sbox/u_sbox_core/g1_b7__1_n_0
    SLICE_X14Y42         LUT4 (Prop_lut4_I0_O)        0.150     5.171 r  u_masked_sub_bytes/gen_masked_sbox[2].u_masked_sbox/u_sbox_core/share1_reg[55]_i_8/O
                         net (fo=1, routed)           0.436     5.607    u_masked_sub_bytes/gen_masked_sbox[2].u_masked_sbox/u_sbox_core/share1_reg[55]_i_8_n_0
    SLICE_X14Y41         LUT6 (Prop_lut6_I1_O)        0.328     5.935 r  u_masked_sub_bytes/gen_masked_sbox[2].u_masked_sbox/u_sbox_core/share1_reg[55]_i_4/O
                         net (fo=8, routed)           0.952     6.887    u_masked_sub_bytes/gen_masked_sbox[2].u_masked_sbox/u_sbox_core/share2_reg_reg[79]
    SLICE_X29Y35         LUT4 (Prop_lut4_I1_O)        0.124     7.011 r  u_masked_sub_bytes/gen_masked_sbox[2].u_masked_sbox/u_sbox_core/share1_reg[52]_i_4/O
                         net (fo=2, routed)           0.360     7.371    u_masked_sub_bytes/gen_masked_sbox[2].u_masked_sbox/u_sbox_core/share2_reg_reg[36]
    SLICE_X28Y35         LUT6 (Prop_lut6_I4_O)        0.124     7.495 r  u_masked_sub_bytes/gen_masked_sbox[2].u_masked_sbox/u_sbox_core/share1_reg[44]_i_3/O
                         net (fo=1, routed)           0.771     8.266    u_key_expansion/sbox_k2/post_linear_share1[5]
    SLICE_X28Y26         LUT2 (Prop_lut2_I1_O)        0.117     8.383 r  u_key_expansion/sbox_k2/share1_reg[44]_i_2/O
                         net (fo=1, routed)           0.630     9.013    u_key_expansion/sbox_k2/round_ark_share1[44]
    SLICE_X28Y20         LUT6 (Prop_lut6_I4_O)        0.332     9.345 r  u_key_expansion/sbox_k2/share1_reg[44]_i_1/O
                         net (fo=1, routed)           0.000     9.345    u_key_expansion_n_243
    SLICE_X28Y20         FDCE                                         r  share1_reg_reg[44]/D
  -------------------------------------------------------------------    -------------------

                         (clock clk rise edge)       10.000    10.000 r  
                                                      0.000    10.000 r  clk (IN)
                         net (fo=526, unset)          0.924    10.924    clk
    SLICE_X28Y20         FDCE                                         r  share1_reg_reg[44]/C
                         clock pessimism              0.000    10.924    
                         clock uncertainty           -0.035    10.889    
    SLICE_X28Y20         FDCE (Setup_fdce_C_D)        0.029    10.918    share1_reg_reg[44]
  -------------------------------------------------------------------
                         required time                         10.918    
                         arrival time                          -9.345    
  -------------------------------------------------------------------
                         slack                                  1.573    





Min Delay Paths
--------------------------------------------------------------------------------------
Slack (MET) :             0.165ns  (arrival time - required time)
  Source:                 key_reg_reg[71]/C
                            (rising edge-triggered cell FDCE clocked by clk  {rise@0.000ns fall@5.000ns period=10.000ns})
  Destination:            key_reg_reg[39]/D
                            (rising edge-triggered cell FDCE clocked by clk  {rise@0.000ns fall@5.000ns period=10.000ns})
  Path Group:             clk
  Path Type:              Hold (Min at Fast Process Corner)
  Requirement:            0.000ns  (clk rise@0.000ns - clk rise@0.000ns)
  Data Path Delay:        0.306ns  (logic 0.186ns (60.743%)  route 0.120ns (39.257%))
  Logic Levels:           1  (LUT6=1)
  Clock Path Skew:        0.022ns (DCD - SCD - CPR)
    Destination Clock Delay (DCD):    0.432ns
    Source Clock Delay      (SCD):    0.410ns
    Clock Pessimism Removal (CPR):    -0.000ns

    Location             Delay type                Incr(ns)  Path(ns)    Netlist Resource(s)
  -------------------------------------------------------------------    -------------------
                         (clock clk rise edge)        0.000     0.000 r  
                                                      0.000     0.000 r  clk (IN)
                         net (fo=526, unset)          0.410     0.410    clk
    SLICE_X7Y32          FDCE                                         r  key_reg_reg[71]/C
  -------------------------------------------------------------------    -------------------
    SLICE_X7Y32          FDCE (Prop_fdce_C_Q)         0.141     0.551 r  key_reg_reg[71]/Q
                         net (fo=5, routed)           0.120     0.671    u_key_expansion/sbox_k3/Q[31]
    SLICE_X6Y32          LUT6 (Prop_lut6_I2_O)        0.045     0.716 r  u_key_expansion/sbox_k3/key_reg[39]_i_1/O
                         net (fo=1, routed)           0.000     0.716    u_key_expansion_n_88
    SLICE_X6Y32          FDCE                                         r  key_reg_reg[39]/D
  -------------------------------------------------------------------    -------------------

                         (clock clk rise edge)        0.000     0.000 r  
                                                      0.000     0.000 r  clk (IN)
                         net (fo=526, unset)          0.432     0.432    clk
    SLICE_X6Y32          FDCE                                         r  key_reg_reg[39]/C
                         clock pessimism              0.000     0.432    
    SLICE_X6Y32          FDCE (Hold_fdce_C_D)         0.120     0.552    key_reg_reg[39]
  -------------------------------------------------------------------
                         required time                         -0.552    
                         arrival time                           0.716    
  -------------------------------------------------------------------
                         slack                                  0.165    





Pulse Width Checks
--------------------------------------------------------------------------------------
Clock Name:         clk
Waveform(ns):       { 0.000 5.000 }
Period(ns):         10.000
Sources:            { clk }

Check Type        Corner  Lib Pin  Reference Pin  Required(ns)  Actual(ns)  Slack(ns)  Location      Pin
Min Period        n/a     FDPE/C   n/a            1.000         10.000      9.000      SLICE_X13Y26  FSM_onehot_current_state_reg[0]/C
Low Pulse Width   Slow    FDPE/C   n/a            0.500         5.000       4.500      SLICE_X13Y26  FSM_onehot_current_state_reg[0]/C
High Pulse Width  Slow    FDPE/C   n/a            0.500         5.000       4.500      SLICE_X13Y26  FSM_onehot_current_state_reg[0]/C



